Start ---->
running collection cycle...
<---- End
Begin
012Start ---->
running collection cycle...
<---- End
Growing the heap!!!
345678910111213141516171819202122Start ---->
running collection cycle...
<---- End
232425262728293031323334353637Start ---->
running collection cycle...
<---- End
38394041424344454647484950515253Start ---->
running collection cycle...
<---- End
54555657585960616263646566676869Start ---->
running collection cycle...
<---- End
70717273747576777879808182838485Start ---->
running collection cycle...
<---- End
8687888990919293949596979899100101Start ---->
running collection cycle...
<---- End
102103104105106107108109110111112113114115116117Start ---->
running collection cycle...
<---- End
118119120121122123124125126127128129130131132133Start ---->
running collection cycle...
<---- End
134135136137138139140141142143144145146147148149Start ---->
running collection cycle...
<---- End
150151152153154155156157158159160161162163164165Start ---->
running collection cycle...
<---- End
166167168169170171172173174175176177178179180181Start ---->
running collection cycle...
<---- End
182183184185186187188189190191192193194195196197Start ---->
running collection cycle...
<---- End
198199200201202203204205206207208209210211212213Start ---->
running collection cycle...
<---- End
214215216217218219220221222223224225226227228229Start ---->
running collection cycle...
<---- End
230231232233234235236237238239240241242243244245Start ---->
running collection cycle...
<---- End
246247248249250251252253254255256257258259260261Start ---->
running collection cycle...
<---- End
262263264265266267268269270271272273274275276277Start ---->
running collection cycle...
<---- End
278279280281282283284285286287288289290291292293Start ---->
running collection cycle...
<---- End
294295296297298299300301302303304305306307308Start ---->
running collection cycle...
<---- End
309310311312313314315316317318319320321322323324Start ---->
running collection cycle...
<---- End
325326327328329330331332333334335336337338Start ---->
running collection cycle...
<---- End
339340341342343344345346347348349350351352Start ---->
running collection cycle...
<---- End
353354355356357358359360361362363364365366367Start ---->
running collection cycle...
<---- End
368369370371372373374375376377378379380381Start ---->
running collection cycle...
<---- End
382383384385386387388389390391392393394395Start ---->
running collection cycle...
<---- End
396397398399400401402403404405406407408409410Start ---->
running collection cycle...
<---- End
411412413414415416417418419420421422423424Start ---->
running collection cycle...
<---- End
425426427428429430431432433434435436437438439440Start ---->
running collection cycle...
<---- End
441442443444445446447448449450451452453454455Start ---->
running collection cycle...
<---- End
456457458459460461462463464465466467468469470471Start ---->
running collection cycle...
<---- End
472473474475476477478479480481482483484485Start ---->
running collection cycle...
<---- End
486487488489490491492493494495496497498499500Start ---->
running collection cycle...
<---- End

Alloc = 0 MiB
TotalAlloc = 6 MiB
Sys = 0 MiB
1
