Start ---->
running collection cycle...
<---- End
Begin
Start ---->
running collection cycle...
<---- End
0Start ---->
running collection cycle...
<---- End
Start ---->
running collection cycle...
<---- End
1Start ---->
running collection cycle...
<---- End
Start ---->
running collection cycle...
<---- End
2Start ---->
running collection cycle...
<---- End
Start ---->
running collection cycle...
<---- End
Growing the heap!!!
Start ---->
running collection cycle...
<---- End
3Start ---->
running collection cycle...
<---- End
Start ---->
running collection cycle...
<---- End
4Start ---->
running collection cycle...
<---- End
Start ---->
running collection cycle...
<---- End
5Start ---->
running collection cycle...
<---- End
Start ---->
running collection cycle...
<---- End
6Start ---->
running collection cycle...
<---- End
Start ---->
running collection cycle...
<---- End
7Start ---->
running collection cycle...
<---- End
Start ---->
running collection cycle...
<---- End
8Start ---->
running collection cycle...
<---- End
Start ---->
running collection cycle...
<---- End
9Start ---->
running collection cycle...
<---- End
Start ---->
running collection cycle...
<---- End
10Start ---->
running collection cycle...
<---- End
Start ---->
running collection cycle...
<---- End
11Start ---->
running collection cycle...
<---- End
Start ---->
running collection cycle...
<---- End
12Start ---->
running collection cycle...
<---- End
Start ---->
running collection cycle...
<---- End
13Start ---->
running collection cycle...
<---- End
Start ---->
running collection cycle...
<---- End
14Start ---->
running collection cycle...
<---- End
Start ---->
running collection cycle...
<---- End
15Start ---->
running collection cycle...
<---- End
Start ---->
running collection cycle...
<---- End
16Start ---->
running collection cycle...
<---- End
Start ---->
running collection cycle...
<---- End
17Start ---->
running collection cycle...
<---- End
Start ---->
running collection cycle...
<---- End
18Start ---->
running collection cycle...
<---- End
Start ---->
running collection cycle...
<---- End
19Start ---->
running collection cycle...
<---- End
Start ---->
running collection cycle...
<---- End
20Start ---->
running collection cycle...
<---- End
Start ---->
running collection cycle...
<---- End
21Start ---->
running collection cycle...
<---- End
Start ---->
running collection cycle...
<---- End
22Start ---->
running collection cycle...
<---- End
Start ---->
running collection cycle...
<---- End
23Start ---->
running collection cycle...
<---- End
Start ---->
running collection cycle...
<---- End
24Start ---->
running collection cycle...
<---- End
Start ---->
running collection cycle...
<---- End
25Start ---->
running collection cycle...
<---- End
Start ---->
running collection cycle...
<---- End
26Start ---->
running collection cycle...
<---- End
Start ---->
running collection cycle...
<---- End
27Start ---->
running collection cycle...
<---- End
Start ---->
running collection cycle...
<---- End
28Start ---->
running collection cycle...
<---- End
Start ---->
running collection cycle...
<---- End
29Start ---->
running collection cycle...
<---- End
Start ---->
running collection cycle...
<---- End
30Start ---->
running collection cycle...
<---- End
Start ---->
running collection cycle...
<---- End
31Start ---->
running collection cycle...
<---- End
Start ---->
running collection cycle...
<---- End
32Start ---->
running collection cycle...
<---- End
Start ---->
running collection cycle...
<---- End
33Start ---->
running collection cycle...
<---- End
Start ---->
running collection cycle...
<---- End
34Start ---->
running collection cycle...
<---- End
Start ---->
running collection cycle...
<---- End
35Start ---->
running collection cycle...
<---- End
Start ---->
running collection cycle...
<---- End
36Start ---->
running collection cycle...
<---- End
Start ---->
running collection cycle...
<---- End
37Start ---->
running collection cycle...
<---- End
Start ---->
running collection cycle...
<---- End
38Start ---->
running collection cycle...
<---- End
Start ---->
running collection cycle...
<---- End
39Start ---->
running collection cycle...
<---- End
Start ---->
running collection cycle...
<---- End
40Start ---->
running collection cycle...
<---- End
Start ---->
running collection cycle...
<---- End
41Start ---->
running collection cycle...
<---- End
Start ---->
running collection cycle...
<---- End
42Start ---->
running collection cycle...
<---- End
Start ---->
running collection cycle...
<---- End
43Start ---->
running collection cycle...
<---- End
Start ---->
running collection cycle...
<---- End
44Start ---->
running collection cycle...
<---- End
Start ---->
running collection cycle...
<---- End
45Start ---->
running collection cycle...
<---- End
Start ---->
running collection cycle...
<---- End
46Start ---->
running collection cycle...
<---- End
Start ---->
running collection cycle...
<---- End
47Start ---->
running collection cycle...
<---- End
Start ---->
running collection cycle...
<---- End
48Start ---->
running collection cycle...
<---- End
Start ---->
running collection cycle...
<---- End
49Start ---->
running collection cycle...
<---- End
Start ---->
running collection cycle...
<---- End
50Start ---->
running collection cycle...
<---- End
Start ---->
running collection cycle...
<---- End
51Start ---->
running collection cycle...
<---- End
Start ---->
running collection cycle...
<---- End
52Start ---->
running collection cycle...
<---- End
Start ---->
running collection cycle...
<---- End
53Start ---->
running collection cycle...
<---- End
Start ---->
running collection cycle...
<---- End
54Start ---->
running collection cycle...
<---- End
Start ---->
running collection cycle...
<---- End
55Start ---->
running collection cycle...
<---- End
Start ---->
running collection cycle...
<---- End
56Start ---->
running collection cycle...
<---- End
Start ---->
running collection cycle...
<---- End
57Start ---->
running collection cycle...
<---- End
Start ---->
running collection cycle...
<---- End
58Start ---->
running collection cycle...
<---- End
Start ---->
running collection cycle...
<---- End
59Start ---->
running collection cycle...
<---- End
Start ---->
running collection cycle...
<---- End
60Start ---->
running collection cycle...
<---- End
Start ---->
running collection cycle...
<---- End
61Start ---->
running collection cycle...
<---- End
Start ---->
running collection cycle...
<---- End
62Start ---->
running collection cycle...
<---- End
Start ---->
running collection cycle...
<---- End
63Start ---->
running collection cycle...
<---- End
Start ---->
running collection cycle...
<---- End
64Start ---->
running collection cycle...
<---- End
Start ---->
running collection cycle...
<---- End
65Start ---->
running collection cycle...
<---- End
Start ---->
running collection cycle...
<---- End
66Start ---->
running collection cycle...
<---- End
Start ---->
running collection cycle...
<---- End
67Start ---->
running collection cycle...
<---- End
Start ---->
running collection cycle...
<---- End
68Start ---->
running collection cycle...
<---- End
Start ---->
running collection cycle...
<---- End
69Start ---->
running collection cycle...
<---- End
Start ---->
running collection cycle...
<---- End
70Start ---->
running collection cycle...
<---- End
Start ---->
running collection cycle...
<---- End
71Start ---->
running collection cycle...
<---- End
Start ---->
running collection cycle...
<---- End
72Start ---->
running collection cycle...
<---- End
Start ---->
running collection cycle...
<---- End
73Start ---->
running collection cycle...
<---- End
Start ---->
running collection cycle...
<---- End
74Start ---->
running collection cycle...
<---- End
Start ---->
running collection cycle...
<---- End
75Start ---->
running collection cycle...
<---- End
Start ---->
running collection cycle...
<---- End
76Start ---->
running collection cycle...
<---- End
Start ---->
running collection cycle...
<---- End
77Start ---->
running collection cycle...
<---- End
Start ---->
running collection cycle...
<---- End
78Start ---->
running collection cycle...
<---- End
Start ---->
running collection cycle...
<---- End
79Start ---->
running collection cycle...
<---- End
Start ---->
running collection cycle...
<---- End
80Start ---->
running collection cycle...
<---- End
Start ---->
running collection cycle...
<---- End
81Start ---->
running collection cycle...
<---- End
Start ---->
running collection cycle...
<---- End
82Start ---->
running collection cycle...
<---- End
Start ---->
running collection cycle...
<---- End
83Start ---->
running collection cycle...
<---- End
Start ---->
running collection cycle...
<---- End
84Start ---->
running collection cycle...
<---- End
Start ---->
running collection cycle...
<---- End
85Start ---->
running collection cycle...
<---- End
Start ---->
running collection cycle...
<---- End
86Start ---->
running collection cycle...
<---- End
Start ---->
running collection cycle...
<---- End
87Start ---->
running collection cycle...
<---- End
Start ---->
running collection cycle...
<---- End
88Start ---->
running collection cycle...
<---- End
Start ---->
running collection cycle...
<---- End
89Start ---->
running collection cycle...
<---- End
Start ---->
running collection cycle...
<---- End
90Start ---->
running collection cycle...
<---- End
Start ---->
running collection cycle...
<---- End
91Start ---->
running collection cycle...
<---- End
Start ---->
running collection cycle...
<---- End
92Start ---->
running collection cycle...
<---- End
Start ---->
running collection cycle...
<---- End
93Start ---->
running collection cycle...
<---- End
Start ---->
running collection cycle...
<---- End
94Start ---->
running collection cycle...
<---- End
Start ---->
running collection cycle...
<---- End
95Start ---->
running collection cycle...
<---- End
Start ---->
running collection cycle...
<---- End
96Start ---->
running collection cycle...
<---- End
Start ---->
running collection cycle...
<---- End
97Start ---->
running collection cycle...
<---- End
Start ---->
running collection cycle...
<---- End
98Start ---->
running collection cycle...
<---- End
Start ---->
running collection cycle...
<---- End
99Start ---->
running collection cycle...
<---- End
Start ---->
running collection cycle...
<---- End
100Start ---->
running collection cycle...
<---- End
Start ---->
running collection cycle...
<---- End
101Start ---->
running collection cycle...
<---- End
Start ---->
running collection cycle...
<---- End
102Start ---->
running collection cycle...
<---- End
Start ---->
running collection cycle...
<---- End
103Start ---->
running collection cycle...
<---- End
Start ---->
running collection cycle...
<---- End
104Start ---->
running collection cycle...
<---- End
Start ---->
running collection cycle...
<---- End
105Start ---->
running collection cycle...
<---- End
Start ---->
running collection cycle...
<---- End
106Start ---->
running collection cycle...
<---- End
Start ---->
running collection cycle...
<---- End
107Start ---->
running collection cycle...
<---- End
Start ---->
running collection cycle...
<---- End
108Start ---->
running collection cycle...
<---- End
Start ---->
running collection cycle...
<---- End
109Start ---->
running collection cycle...
<---- End
Start ---->
running collection cycle...
<---- End
110Start ---->
running collection cycle...
<---- End
Start ---->
running collection cycle...
<---- End
111Start ---->
running collection cycle...
<---- End
Start ---->
running collection cycle...
<---- End
112Start ---->
running collection cycle...
<---- End
Start ---->
running collection cycle...
<---- End
113Start ---->
running collection cycle...
<---- End
Start ---->
running collection cycle...
<---- End
114Start ---->
running collection cycle...
<---- End
Start ---->
running collection cycle...
<---- End
115Start ---->
running collection cycle...
<---- End
Start ---->
running collection cycle...
<---- End
116Start ---->
running collection cycle...
<---- End
Start ---->
running collection cycle...
<---- End
117Start ---->
running collection cycle...
<---- End
Start ---->
running collection cycle...
<---- End
118Start ---->
running collection cycle...
<---- End
Start ---->
running collection cycle...
<---- End
119Start ---->
running collection cycle...
<---- End
Start ---->
running collection cycle...
<---- End
120Start ---->
running collection cycle...
<---- End
Start ---->
running collection cycle...
<---- End
121Start ---->
running collection cycle...
<---- End
Start ---->
running collection cycle...
<---- End
122Start ---->
running collection cycle...
<---- End
Start ---->
running collection cycle...
<---- End
123Start ---->
running collection cycle...
<---- End
Start ---->
running collection cycle...
<---- End
124Start ---->
running collection cycle...
<---- End
Start ---->
running collection cycle...
<---- End
125Start ---->
running collection cycle...
<---- End
Start ---->
running collection cycle...
<---- End
126Start ---->
running collection cycle...
<---- End
Start ---->
running collection cycle...
<---- End
127Start ---->
running collection cycle...
<---- End
Start ---->
running collection cycle...
<---- End
128Start ---->
running collection cycle...
<---- End
Start ---->
running collection cycle...
<---- End
129Start ---->
running collection cycle...
<---- End
Start ---->
running collection cycle...
<---- End
130Start ---->
running collection cycle...
<---- End
Start ---->
running collection cycle...
<---- End
131Start ---->
running collection cycle...
<---- End
Start ---->
running collection cycle...
<---- End
132Start ---->
running collection cycle...
<---- End
Start ---->
running collection cycle...
<---- End
133Start ---->
running collection cycle...
<---- End
Start ---->
running collection cycle...
<---- End
134Start ---->
running collection cycle...
<---- End
Start ---->
running collection cycle...
<---- End
135Start ---->
running collection cycle...
<---- End
Start ---->
running collection cycle...
<---- End
136Start ---->
running collection cycle...
<---- End
Start ---->
running collection cycle...
<---- End
137Start ---->
running collection cycle...
<---- End
Start ---->
running collection cycle...
<---- End
138Start ---->
running collection cycle...
<---- End
Start ---->
running collection cycle...
<---- End
139Start ---->
running collection cycle...
<---- End
Start ---->
running collection cycle...
<---- End
140Start ---->
running collection cycle...
<---- End
Start ---->
running collection cycle...
<---- End
141Start ---->
running collection cycle...
<---- End
Start ---->
running collection cycle...
<---- End
142Start ---->
running collection cycle...
<---- End
Start ---->
running collection cycle...
<---- End
143Start ---->
running collection cycle...
<---- End
Start ---->
running collection cycle...
<---- End
144Start ---->
running collection cycle...
<---- End
Start ---->
running collection cycle...
<---- End
145Start ---->
running collection cycle...
<---- End
Start ---->
running collection cycle...
<---- End
146Start ---->
running collection cycle...
<---- End
Start ---->
running collection cycle...
<---- End
147Start ---->
running collection cycle...
<---- End
Start ---->
running collection cycle...
<---- End
148Start ---->
running collection cycle...
<---- End
Start ---->
running collection cycle...
<---- End
149Start ---->
running collection cycle...
<---- End
Start ---->
running collection cycle...
<---- End
150Start ---->
running collection cycle...
<---- End
Start ---->
running collection cycle...
<---- End
151Start ---->
running collection cycle...
<---- End
Start ---->
running collection cycle...
<---- End
152Start ---->
running collection cycle...
<---- End
Start ---->
running collection cycle...
<---- End
153Start ---->
running collection cycle...
<---- End
Start ---->
running collection cycle...
<---- End
154Start ---->
running collection cycle...
<---- End
Start ---->
running collection cycle...
<---- End
155Start ---->
running collection cycle...
<---- End
Start ---->
running collection cycle...
<---- End
156Start ---->
running collection cycle...
<---- End
Start ---->
running collection cycle...
<---- End
157Start ---->
running collection cycle...
<---- End
Start ---->
running collection cycle...
<---- End
158Start ---->
running collection cycle...
<---- End
Start ---->
running collection cycle...
<---- End
159Start ---->
running collection cycle...
<---- End
Start ---->
running collection cycle...
<---- End
160Start ---->
running collection cycle...
<---- End
Start ---->
running collection cycle...
<---- End
161Start ---->
running collection cycle...
<---- End
Start ---->
running collection cycle...
<---- End
162Start ---->
running collection cycle...
<---- End
Start ---->
running collection cycle...
<---- End
163Start ---->
running collection cycle...
<---- End
Start ---->
running collection cycle...
<---- End
164Start ---->
running collection cycle...
<---- End
Start ---->
running collection cycle...
<---- End
165Start ---->
running collection cycle...
<---- End
Start ---->
running collection cycle...
<---- End
166Start ---->
running collection cycle...
<---- End
Start ---->
running collection cycle...
<---- End
167Start ---->
running collection cycle...
<---- End
Start ---->
running collection cycle...
<---- End
168Start ---->
running collection cycle...
<---- End
Start ---->
running collection cycle...
<---- End
169Start ---->
running collection cycle...
<---- End
Start ---->
running collection cycle...
<---- End
170Start ---->
running collection cycle...
<---- End
Start ---->
running collection cycle...
<---- End
171Start ---->
running collection cycle...
<---- End
Start ---->
running collection cycle...
<---- End
172Start ---->
running collection cycle...
<---- End
Start ---->
running collection cycle...
<---- End
173Start ---->
running collection cycle...
<---- End
Start ---->
running collection cycle...
<---- End
174Start ---->
running collection cycle...
<---- End
Start ---->
running collection cycle...
<---- End
175Start ---->
running collection cycle...
<---- End
Start ---->
running collection cycle...
<---- End
176Start ---->
running collection cycle...
<---- End
Start ---->
running collection cycle...
<---- End
177Start ---->
running collection cycle...
<---- End
Start ---->
running collection cycle...
<---- End
178Start ---->
running collection cycle...
<---- End
Start ---->
running collection cycle...
<---- End
179Start ---->
running collection cycle...
<---- End
Start ---->
running collection cycle...
<---- End
180Start ---->
running collection cycle...
<---- End
Start ---->
running collection cycle...
<---- End
181Start ---->
running collection cycle...
<---- End
Start ---->
running collection cycle...
<---- End
182Start ---->
running collection cycle...
<---- End
Start ---->
running collection cycle...
<---- End
183Start ---->
running collection cycle...
<---- End
Start ---->
running collection cycle...
<---- End
184Start ---->
running collection cycle...
<---- End
Start ---->
running collection cycle...
<---- End
185Start ---->
running collection cycle...
<---- End
Start ---->
running collection cycle...
<---- End
186Start ---->
running collection cycle...
<---- End
Start ---->
running collection cycle...
<---- End
187Start ---->
running collection cycle...
<---- End
Start ---->
running collection cycle...
<---- End
188Start ---->
running collection cycle...
<---- End
Start ---->
running collection cycle...
<---- End
189Start ---->
running collection cycle...
<---- End
Start ---->
running collection cycle...
<---- End
190Start ---->
running collection cycle...
<---- End
Start ---->
running collection cycle...
<---- End
191Start ---->
running collection cycle...
<---- End
Start ---->
running collection cycle...
<---- End
192Start ---->
running collection cycle...
<---- End
Start ---->
running collection cycle...
<---- End
193Start ---->
running collection cycle...
<---- End
Start ---->
running collection cycle...
<---- End
194Start ---->
running collection cycle...
<---- End
Start ---->
running collection cycle...
<---- End
195Start ---->
running collection cycle...
<---- End
Start ---->
running collection cycle...
<---- End
196Start ---->
running collection cycle...
<---- End
Start ---->
running collection cycle...
<---- End
197Start ---->
running collection cycle...
<---- End
Start ---->
running collection cycle...
<---- End
198Start ---->
running collection cycle...
<---- End
Start ---->
running collection cycle...
<---- End
199Start ---->
running collection cycle...
<---- End
Start ---->
running collection cycle...
<---- End
200Start ---->
running collection cycle...
<---- End
Start ---->
running collection cycle...
<---- End
201Start ---->
running collection cycle...
<---- End
Start ---->
running collection cycle...
<---- End
202Start ---->
running collection cycle...
<---- End
Start ---->
running collection cycle...
<---- End
203Start ---->
running collection cycle...
<---- End
Start ---->
running collection cycle...
<---- End
204Start ---->
running collection cycle...
<---- End
Start ---->
running collection cycle...
<---- End
205Start ---->
running collection cycle...
<---- End
Start ---->
running collection cycle...
<---- End
206Start ---->
running collection cycle...
<---- End
Start ---->
running collection cycle...
<---- End
207Start ---->
running collection cycle...
<---- End
Start ---->
running collection cycle...
<---- End
208Start ---->
running collection cycle...
<---- End
Start ---->
running collection cycle...
<---- End
209Start ---->
running collection cycle...
<---- End
Start ---->
running collection cycle...
<---- End
210Start ---->
running collection cycle...
<---- End
Start ---->
running collection cycle...
<---- End
211Start ---->
running collection cycle...
<---- End
Start ---->
running collection cycle...
<---- End
212Start ---->
running collection cycle...
<---- End
Start ---->
running collection cycle...
<---- End
213Start ---->
running collection cycle...
<---- End
Start ---->
running collection cycle...
<---- End
214Start ---->
running collection cycle...
<---- End
Start ---->
running collection cycle...
<---- End
215Start ---->
running collection cycle...
<---- End
Start ---->
running collection cycle...
<---- End
216Start ---->
running collection cycle...
<---- End
Start ---->
running collection cycle...
<---- End
217Start ---->
running collection cycle...
<---- End
Start ---->
running collection cycle...
<---- End
218Start ---->
running collection cycle...
<---- End
Start ---->
running collection cycle...
<---- End
219Start ---->
running collection cycle...
<---- End
Start ---->
running collection cycle...
<---- End
220Start ---->
running collection cycle...
<---- End
Start ---->
running collection cycle...
<---- End
221Start ---->
running collection cycle...
<---- End
Start ---->
running collection cycle...
<---- End
222Start ---->
running collection cycle...
<---- End
Start ---->
running collection cycle...
<---- End
223Start ---->
running collection cycle...
<---- End
Start ---->
running collection cycle...
<---- End
224Start ---->
running collection cycle...
<---- End
Start ---->
running collection cycle...
<---- End
225Start ---->
running collection cycle...
<---- End
Start ---->
running collection cycle...
<---- End
226Start ---->
running collection cycle...
<---- End
Start ---->
running collection cycle...
<---- End
227Start ---->
running collection cycle...
<---- End
Start ---->
running collection cycle...
<---- End
228Start ---->
running collection cycle...
<---- End
Start ---->
running collection cycle...
<---- End
229Start ---->
running collection cycle...
<---- End
Start ---->
running collection cycle...
<---- End
230Start ---->
running collection cycle...
<---- End
Start ---->
running collection cycle...
<---- End
231Start ---->
running collection cycle...
<---- End
Start ---->
running collection cycle...
<---- End
232Start ---->
running collection cycle...
<---- End
Start ---->
running collection cycle...
<---- End
233Start ---->
running collection cycle...
<---- End
Start ---->
running collection cycle...
<---- End
234Start ---->
running collection cycle...
<---- End
Start ---->
running collection cycle...
<---- End
235Start ---->
running collection cycle...
<---- End
Start ---->
running collection cycle...
<---- End
236Start ---->
running collection cycle...
<---- End
Start ---->
running collection cycle...
<---- End
237Start ---->
running collection cycle...
<---- End
Start ---->
running collection cycle...
<---- End
238Start ---->
running collection cycle...
<---- End
Start ---->
running collection cycle...
<---- End
239Start ---->
running collection cycle...
<---- End
Start ---->
running collection cycle...
<---- End
240Start ---->
running collection cycle...
<---- End
Start ---->
running collection cycle...
<---- End
241Start ---->
running collection cycle...
<---- End
Start ---->
running collection cycle...
<---- End
242Start ---->
running collection cycle...
<---- End
Start ---->
running collection cycle...
<---- End
243Start ---->
running collection cycle...
<---- End
Start ---->
running collection cycle...
<---- End
244Start ---->
running collection cycle...
<---- End
Start ---->
running collection cycle...
<---- End
245Start ---->
running collection cycle...
<---- End
Start ---->
running collection cycle...
<---- End
246Start ---->
running collection cycle...
<---- End
Start ---->
running collection cycle...
<---- End
247Start ---->
running collection cycle...
<---- End
Start ---->
running collection cycle...
<---- End
248Start ---->
running collection cycle...
<---- End
Start ---->
running collection cycle...
<---- End
249Start ---->
running collection cycle...
<---- End
Start ---->
running collection cycle...
<---- End
250Start ---->
running collection cycle...
<---- End
Start ---->
running collection cycle...
<---- End
251Start ---->
running collection cycle...
<---- End
Start ---->
running collection cycle...
<---- End
252Start ---->
running collection cycle...
<---- End
Start ---->
running collection cycle...
<---- End
253Start ---->
running collection cycle...
<---- End
Start ---->
running collection cycle...
<---- End
254Start ---->
running collection cycle...
<---- End
Start ---->
running collection cycle...
<---- End
255Start ---->
running collection cycle...
<---- End
Start ---->
running collection cycle...
<---- End
256Start ---->
running collection cycle...
<---- End
Start ---->
running collection cycle...
<---- End
257Start ---->
running collection cycle...
<---- End
Start ---->
running collection cycle...
<---- End
258Start ---->
running collection cycle...
<---- End
Start ---->
running collection cycle...
<---- End
259Start ---->
running collection cycle...
<---- End
Start ---->
running collection cycle...
<---- End
260Start ---->
running collection cycle...
<---- End
Start ---->
running collection cycle...
<---- End
261Start ---->
running collection cycle...
<---- End
Start ---->
running collection cycle...
<---- End
262Start ---->
running collection cycle...
<---- End
Start ---->
running collection cycle...
<---- End
263Start ---->
running collection cycle...
<---- End
Start ---->
running collection cycle...
<---- End
264Start ---->
running collection cycle...
<---- End
Start ---->
running collection cycle...
<---- End
265Start ---->
running collection cycle...
<---- End
Start ---->
running collection cycle...
<---- End
266Start ---->
running collection cycle...
<---- End
Start ---->
running collection cycle...
<---- End
267Start ---->
running collection cycle...
<---- End
Start ---->
running collection cycle...
<---- End
268Start ---->
running collection cycle...
<---- End
Start ---->
running collection cycle...
<---- End
269Start ---->
running collection cycle...
<---- End
Start ---->
running collection cycle...
<---- End
270Start ---->
running collection cycle...
<---- End
Start ---->
running collection cycle...
<---- End
271Start ---->
running collection cycle...
<---- End
Start ---->
running collection cycle...
<---- End
272Start ---->
running collection cycle...
<---- End
Start ---->
running collection cycle...
<---- End
273Start ---->
running collection cycle...
<---- End
Start ---->
running collection cycle...
<---- End
274Start ---->
running collection cycle...
<---- End
Start ---->
running collection cycle...
<---- End
275Start ---->
running collection cycle...
<---- End
Start ---->
running collection cycle...
<---- End
276Start ---->
running collection cycle...
<---- End
Start ---->
running collection cycle...
<---- End
277Start ---->
running collection cycle...
<---- End
Start ---->
running collection cycle...
<---- End
278Start ---->
running collection cycle...
<---- End
Start ---->
running collection cycle...
<---- End
279Start ---->
running collection cycle...
<---- End
Start ---->
running collection cycle...
<---- End
280Start ---->
running collection cycle...
<---- End
Start ---->
running collection cycle...
<---- End
281Start ---->
running collection cycle...
<---- End
Start ---->
running collection cycle...
<---- End
282Start ---->
running collection cycle...
<---- End
Start ---->
running collection cycle...
<---- End
283Start ---->
running collection cycle...
<---- End
Start ---->
running collection cycle...
<---- End
284Start ---->
running collection cycle...
<---- End
Start ---->
running collection cycle...
<---- End
285Start ---->
running collection cycle...
<---- End
Start ---->
running collection cycle...
<---- End
286Start ---->
running collection cycle...
<---- End
Start ---->
running collection cycle...
<---- End
287Start ---->
running collection cycle...
<---- End
Start ---->
running collection cycle...
<---- End
288Start ---->
running collection cycle...
<---- End
Start ---->
running collection cycle...
<---- End
289Start ---->
running collection cycle...
<---- End
Start ---->
running collection cycle...
<---- End
290Start ---->
running collection cycle...
<---- End
Start ---->
running collection cycle...
<---- End
291Start ---->
running collection cycle...
<---- End
Start ---->
running collection cycle...
<---- End
292Start ---->
running collection cycle...
<---- End
Start ---->
running collection cycle...
<---- End
293Start ---->
running collection cycle...
<---- End
Start ---->
running collection cycle...
<---- End
294Start ---->
running collection cycle...
<---- End
Start ---->
running collection cycle...
<---- End
295Start ---->
running collection cycle...
<---- End
Start ---->
running collection cycle...
<---- End
296Start ---->
running collection cycle...
<---- End
Start ---->
running collection cycle...
<---- End
297Start ---->
running collection cycle...
<---- End
Start ---->
running collection cycle...
<---- End
298Start ---->
running collection cycle...
<---- End
Start ---->
running collection cycle...
<---- End
299Start ---->
running collection cycle...
<---- End
Start ---->
running collection cycle...
<---- End
300Start ---->
running collection cycle...
<---- End
Start ---->
running collection cycle...
<---- End
301Start ---->
running collection cycle...
<---- End
Start ---->
running collection cycle...
<---- End
302Start ---->
running collection cycle...
<---- End
Start ---->
running collection cycle...
<---- End
303Start ---->
running collection cycle...
<---- End
Start ---->
running collection cycle...
<---- End
304Start ---->
running collection cycle...
<---- End
Start ---->
running collection cycle...
<---- End
305Start ---->
running collection cycle...
<---- End
Start ---->
running collection cycle...
<---- End
306Start ---->
running collection cycle...
<---- End
Start ---->
running collection cycle...
<---- End
307Start ---->
running collection cycle...
<---- End
Start ---->
running collection cycle...
<---- End
308Start ---->
running collection cycle...
<---- End
Start ---->
running collection cycle...
<---- End
309Start ---->
running collection cycle...
<---- End
Start ---->
running collection cycle...
<---- End
310Start ---->
running collection cycle...
<---- End
Start ---->
running collection cycle...
<---- End
311Start ---->
running collection cycle...
<---- End
Start ---->
running collection cycle...
<---- End
312Start ---->
running collection cycle...
<---- End
Start ---->
running collection cycle...
<---- End
313Start ---->
running collection cycle...
<---- End
Start ---->
running collection cycle...
<---- End
314Start ---->
running collection cycle...
<---- End
Start ---->
running collection cycle...
<---- End
315Start ---->
running collection cycle...
<---- End
Start ---->
running collection cycle...
<---- End
316Start ---->
running collection cycle...
<---- End
Start ---->
running collection cycle...
<---- End
317Start ---->
running collection cycle...
<---- End
Start ---->
running collection cycle...
<---- End
318Start ---->
running collection cycle...
<---- End
Start ---->
running collection cycle...
<---- End
319Start ---->
running collection cycle...
<---- End
Start ---->
running collection cycle...
<---- End
320Start ---->
running collection cycle...
<---- End
Start ---->
running collection cycle...
<---- End
321Start ---->
running collection cycle...
<---- End
Start ---->
running collection cycle...
<---- End
322Start ---->
running collection cycle...
<---- End
Start ---->
running collection cycle...
<---- End
323Start ---->
running collection cycle...
<---- End
Start ---->
running collection cycle...
<---- End
324Start ---->
running collection cycle...
<---- End
Start ---->
running collection cycle...
<---- End
325Start ---->
running collection cycle...
<---- End
Start ---->
running collection cycle...
<---- End
326Start ---->
running collection cycle...
<---- End
Start ---->
running collection cycle...
<---- End
327Start ---->
running collection cycle...
<---- End
Start ---->
running collection cycle...
<---- End
328Start ---->
running collection cycle...
<---- End
Start ---->
running collection cycle...
<---- End
329Start ---->
running collection cycle...
<---- End
Start ---->
running collection cycle...
<---- End
330Start ---->
running collection cycle...
<---- End
Start ---->
running collection cycle...
<---- End
331Start ---->
running collection cycle...
<---- End
Start ---->
running collection cycle...
<---- End
332Start ---->
running collection cycle...
<---- End
Start ---->
running collection cycle...
<---- End
333Start ---->
running collection cycle...
<---- End
Start ---->
running collection cycle...
<---- End
334Start ---->
running collection cycle...
<---- End
Start ---->
running collection cycle...
<---- End
335Start ---->
running collection cycle...
<---- End
Start ---->
running collection cycle...
<---- End
336Start ---->
running collection cycle...
<---- End
Start ---->
running collection cycle...
<---- End
337Start ---->
running collection cycle...
<---- End
Start ---->
running collection cycle...
<---- End
338Start ---->
running collection cycle...
<---- End
Start ---->
running collection cycle...
<---- End
339Start ---->
running collection cycle...
<---- End
Start ---->
running collection cycle...
<---- End
340Start ---->
running collection cycle...
<---- End
Start ---->
running collection cycle...
<---- End
341Start ---->
running collection cycle...
<---- End
Start ---->
running collection cycle...
<---- End
342Start ---->
running collection cycle...
<---- End
Start ---->
running collection cycle...
<---- End
343Start ---->
running collection cycle...
<---- End
Start ---->
running collection cycle...
<---- End
344Start ---->
running collection cycle...
<---- End
Start ---->
running collection cycle...
<---- End
345Start ---->
running collection cycle...
<---- End
Start ---->
running collection cycle...
<---- End
346Start ---->
running collection cycle...
<---- End
Start ---->
running collection cycle...
<---- End
347Start ---->
running collection cycle...
<---- End
Start ---->
running collection cycle...
<---- End
348Start ---->
running collection cycle...
<---- End
Start ---->
running collection cycle...
<---- End
349Start ---->
running collection cycle...
<---- End
Start ---->
running collection cycle...
<---- End
350Start ---->
running collection cycle...
<---- End
Start ---->
running collection cycle...
<---- End
351Start ---->
running collection cycle...
<---- End
Start ---->
running collection cycle...
<---- End
352Start ---->
running collection cycle...
<---- End
Start ---->
running collection cycle...
<---- End
353Start ---->
running collection cycle...
<---- End
Start ---->
running collection cycle...
<---- End
354Start ---->
running collection cycle...
<---- End
Start ---->
running collection cycle...
<---- End
355Start ---->
running collection cycle...
<---- End
Start ---->
running collection cycle...
<---- End
356Start ---->
running collection cycle...
<---- End
Start ---->
running collection cycle...
<---- End
357Start ---->
running collection cycle...
<---- End
Start ---->
running collection cycle...
<---- End
358Start ---->
running collection cycle...
<---- End
Start ---->
running collection cycle...
<---- End
359Start ---->
running collection cycle...
<---- End
Start ---->
running collection cycle...
<---- End
360Start ---->
running collection cycle...
<---- End
Start ---->
running collection cycle...
<---- End
361Start ---->
running collection cycle...
<---- End
Start ---->
running collection cycle...
<---- End
362Start ---->
running collection cycle...
<---- End
Start ---->
running collection cycle...
<---- End
363Start ---->
running collection cycle...
<---- End
Start ---->
running collection cycle...
<---- End
364Start ---->
running collection cycle...
<---- End
Start ---->
running collection cycle...
<---- End
365Start ---->
running collection cycle...
<---- End
Start ---->
running collection cycle...
<---- End
366Start ---->
running collection cycle...
<---- End
Start ---->
running collection cycle...
<---- End
367Start ---->
running collection cycle...
<---- End
Start ---->
running collection cycle...
<---- End
368Start ---->
running collection cycle...
<---- End
Start ---->
running collection cycle...
<---- End
369Start ---->
running collection cycle...
<---- End
Start ---->
running collection cycle...
<---- End
370Start ---->
running collection cycle...
<---- End
Start ---->
running collection cycle...
<---- End
371Start ---->
running collection cycle...
<---- End
Start ---->
running collection cycle...
<---- End
372Start ---->
running collection cycle...
<---- End
Start ---->
running collection cycle...
<---- End
373Start ---->
running collection cycle...
<---- End
Start ---->
running collection cycle...
<---- End
374Start ---->
running collection cycle...
<---- End
Start ---->
running collection cycle...
<---- End
375Start ---->
running collection cycle...
<---- End
Start ---->
running collection cycle...
<---- End
376Start ---->
running collection cycle...
<---- End
Start ---->
running collection cycle...
<---- End
377Start ---->
running collection cycle...
<---- End
Start ---->
running collection cycle...
<---- End
378Start ---->
running collection cycle...
<---- End
Start ---->
running collection cycle...
<---- End
379Start ---->
running collection cycle...
<---- End
Start ---->
running collection cycle...
<---- End
380Start ---->
running collection cycle...
<---- End
Start ---->
running collection cycle...
<---- End
381Start ---->
running collection cycle...
<---- End
Start ---->
running collection cycle...
<---- End
382Start ---->
running collection cycle...
<---- End
Start ---->
running collection cycle...
<---- End
383Start ---->
running collection cycle...
<---- End
Start ---->
running collection cycle...
<---- End
384Start ---->
running collection cycle...
<---- End
Start ---->
running collection cycle...
<---- End
385Start ---->
running collection cycle...
<---- End
Start ---->
running collection cycle...
<---- End
386Start ---->
running collection cycle...
<---- End
Start ---->
running collection cycle...
<---- End
387Start ---->
running collection cycle...
<---- End
Start ---->
running collection cycle...
<---- End
388Start ---->
running collection cycle...
<---- End
Start ---->
running collection cycle...
<---- End
389Start ---->
running collection cycle...
<---- End
Start ---->
running collection cycle...
<---- End
390Start ---->
running collection cycle...
<---- End
Start ---->
running collection cycle...
<---- End
391Start ---->
running collection cycle...
<---- End
Start ---->
running collection cycle...
<---- End
392Start ---->
running collection cycle...
<---- End
Start ---->
running collection cycle...
<---- End
393Start ---->
running collection cycle...
<---- End
Start ---->
running collection cycle...
<---- End
394Start ---->
running collection cycle...
<---- End
Start ---->
running collection cycle...
<---- End
395Start ---->
running collection cycle...
<---- End
Start ---->
running collection cycle...
<---- End
396Start ---->
running collection cycle...
<---- End
Start ---->
running collection cycle...
<---- End
397Start ---->
running collection cycle...
<---- End
Start ---->
running collection cycle...
<---- End
398Start ---->
running collection cycle...
<---- End
Start ---->
running collection cycle...
<---- End
399Start ---->
running collection cycle...
<---- End
Start ---->
running collection cycle...
<---- End
400Start ---->
running collection cycle...
<---- End
Start ---->
running collection cycle...
<---- End
401Start ---->
running collection cycle...
<---- End
Start ---->
running collection cycle...
<---- End
402Start ---->
running collection cycle...
<---- End
Start ---->
running collection cycle...
<---- End
403Start ---->
running collection cycle...
<---- End
Start ---->
running collection cycle...
<---- End
404Start ---->
running collection cycle...
<---- End
Start ---->
running collection cycle...
<---- End
405Start ---->
running collection cycle...
<---- End
Start ---->
running collection cycle...
<---- End
406Start ---->
running collection cycle...
<---- End
Start ---->
running collection cycle...
<---- End
407Start ---->
running collection cycle...
<---- End
Start ---->
running collection cycle...
<---- End
408Start ---->
running collection cycle...
<---- End
Start ---->
running collection cycle...
<---- End
409Start ---->
running collection cycle...
<---- End
Start ---->
running collection cycle...
<---- End
410Start ---->
running collection cycle...
<---- End
Start ---->
running collection cycle...
<---- End
411Start ---->
running collection cycle...
<---- End
Start ---->
running collection cycle...
<---- End
412Start ---->
running collection cycle...
<---- End
Start ---->
running collection cycle...
<---- End
413Start ---->
running collection cycle...
<---- End
Start ---->
running collection cycle...
<---- End
414Start ---->
running collection cycle...
<---- End
Start ---->
running collection cycle...
<---- End
415Start ---->
running collection cycle...
<---- End
Start ---->
running collection cycle...
<---- End
416Start ---->
running collection cycle...
<---- End
Start ---->
running collection cycle...
<---- End
417Start ---->
running collection cycle...
<---- End
Start ---->
running collection cycle...
<---- End
418Start ---->
running collection cycle...
<---- End
Start ---->
running collection cycle...
<---- End
419Start ---->
running collection cycle...
<---- End
Start ---->
running collection cycle...
<---- End
420Start ---->
running collection cycle...
<---- End
Start ---->
running collection cycle...
<---- End
421Start ---->
running collection cycle...
<---- End
Start ---->
running collection cycle...
<---- End
422Start ---->
running collection cycle...
<---- End
Start ---->
running collection cycle...
<---- End
423Start ---->
running collection cycle...
<---- End
Start ---->
running collection cycle...
<---- End
424Start ---->
running collection cycle...
<---- End
Start ---->
running collection cycle...
<---- End
425Start ---->
running collection cycle...
<---- End
Start ---->
running collection cycle...
<---- End
426Start ---->
running collection cycle...
<---- End
Start ---->
running collection cycle...
<---- End
427Start ---->
running collection cycle...
<---- End
Start ---->
running collection cycle...
<---- End
428Start ---->
running collection cycle...
<---- End
Start ---->
running collection cycle...
<---- End
429Start ---->
running collection cycle...
<---- End
Start ---->
running collection cycle...
<---- End
430Start ---->
running collection cycle...
<---- End
Start ---->
running collection cycle...
<---- End
431Start ---->
running collection cycle...
<---- End
Start ---->
running collection cycle...
<---- End
432Start ---->
running collection cycle...
<---- End
Start ---->
running collection cycle...
<---- End
433Start ---->
running collection cycle...
<---- End
Start ---->
running collection cycle...
<---- End
434Start ---->
running collection cycle...
<---- End
Start ---->
running collection cycle...
<---- End
435Start ---->
running collection cycle...
<---- End
Start ---->
running collection cycle...
<---- End
436Start ---->
running collection cycle...
<---- End
Start ---->
running collection cycle...
<---- End
437Start ---->
running collection cycle...
<---- End
Start ---->
running collection cycle...
<---- End
438Start ---->
running collection cycle...
<---- End
Start ---->
running collection cycle...
<---- End
439Start ---->
running collection cycle...
<---- End
Start ---->
running collection cycle...
<---- End
440Start ---->
running collection cycle...
<---- End
Start ---->
running collection cycle...
<---- End
441Start ---->
running collection cycle...
<---- End
Start ---->
running collection cycle...
<---- End
442Start ---->
running collection cycle...
<---- End
Start ---->
running collection cycle...
<---- End
443Start ---->
running collection cycle...
<---- End
Start ---->
running collection cycle...
<---- End
444Start ---->
running collection cycle...
<---- End
Start ---->
running collection cycle...
<---- End
445Start ---->
running collection cycle...
<---- End
Start ---->
running collection cycle...
<---- End
446Start ---->
running collection cycle...
<---- End
Start ---->
running collection cycle...
<---- End
447Start ---->
running collection cycle...
<---- End
Start ---->
running collection cycle...
<---- End
448Start ---->
running collection cycle...
<---- End
Start ---->
running collection cycle...
<---- End
449Start ---->
running collection cycle...
<---- End
Start ---->
running collection cycle...
<---- End
450Start ---->
running collection cycle...
<---- End
Start ---->
running collection cycle...
<---- End
451Start ---->
running collection cycle...
<---- End
Start ---->
running collection cycle...
<---- End
452Start ---->
running collection cycle...
<---- End
Start ---->
running collection cycle...
<---- End
453Start ---->
running collection cycle...
<---- End
Start ---->
running collection cycle...
<---- End
454Start ---->
running collection cycle...
<---- End
Start ---->
running collection cycle...
<---- End
455Start ---->
running collection cycle...
<---- End
Start ---->
running collection cycle...
<---- End
456Start ---->
running collection cycle...
<---- End
Start ---->
running collection cycle...
<---- End
457Start ---->
running collection cycle...
<---- End
Start ---->
running collection cycle...
<---- End
458Start ---->
running collection cycle...
<---- End
Start ---->
running collection cycle...
<---- End
459Start ---->
running collection cycle...
<---- End
Start ---->
running collection cycle...
<---- End
460Start ---->
running collection cycle...
<---- End
Start ---->
running collection cycle...
<---- End
461Start ---->
running collection cycle...
<---- End
Start ---->
running collection cycle...
<---- End
462Start ---->
running collection cycle...
<---- End
Start ---->
running collection cycle...
<---- End
463Start ---->
running collection cycle...
<---- End
Start ---->
running collection cycle...
<---- End
464Start ---->
running collection cycle...
<---- End
Start ---->
running collection cycle...
<---- End
465Start ---->
running collection cycle...
<---- End
Start ---->
running collection cycle...
<---- End
466Start ---->
running collection cycle...
<---- End
Start ---->
running collection cycle...
<---- End
467Start ---->
running collection cycle...
<---- End
Start ---->
running collection cycle...
<---- End
468Start ---->
running collection cycle...
<---- End
Start ---->
running collection cycle...
<---- End
469Start ---->
running collection cycle...
<---- End
Start ---->
running collection cycle...
<---- End
470Start ---->
running collection cycle...
<---- End
Start ---->
running collection cycle...
<---- End
471Start ---->
running collection cycle...
<---- End
Start ---->
running collection cycle...
<---- End
472Start ---->
running collection cycle...
<---- End
Start ---->
running collection cycle...
<---- End
473Start ---->
running collection cycle...
<---- End
Start ---->
running collection cycle...
<---- End
474Start ---->
running collection cycle...
<---- End
Start ---->
running collection cycle...
<---- End
475Start ---->
running collection cycle...
<---- End
Start ---->
running collection cycle...
<---- End
476Start ---->
running collection cycle...
<---- End
Start ---->
running collection cycle...
<---- End
477Start ---->
running collection cycle...
<---- End
Start ---->
running collection cycle...
<---- End
478Start ---->
running collection cycle...
<---- End
Start ---->
running collection cycle...
<---- End
479Start ---->
running collection cycle...
<---- End
Start ---->
running collection cycle...
<---- End
480Start ---->
running collection cycle...
<---- End
Start ---->
running collection cycle...
<---- End
481Start ---->
running collection cycle...
<---- End
Start ---->
running collection cycle...
<---- End
482Start ---->
running collection cycle...
<---- End
Start ---->
running collection cycle...
<---- End
483Start ---->
running collection cycle...
<---- End
Start ---->
running collection cycle...
<---- End
484Start ---->
running collection cycle...
<---- End
Start ---->
running collection cycle...
<---- End
485Start ---->
running collection cycle...
<---- End
Start ---->
running collection cycle...
<---- End
486Start ---->
running collection cycle...
<---- End
Start ---->
running collection cycle...
<---- End
487Start ---->
running collection cycle...
<---- End
Start ---->
running collection cycle...
<---- End
488Start ---->
running collection cycle...
<---- End
Start ---->
running collection cycle...
<---- End
489Start ---->
running collection cycle...
<---- End
Start ---->
running collection cycle...
<---- End
490Start ---->
running collection cycle...
<---- End
Start ---->
running collection cycle...
<---- End
491Start ---->
running collection cycle...
<---- End
Start ---->
running collection cycle...
<---- End
492Start ---->
running collection cycle...
<---- End
Start ---->
running collection cycle...
<---- End
493Start ---->
running collection cycle...
<---- End
Start ---->
running collection cycle...
<---- End
494Start ---->
running collection cycle...
<---- End
Start ---->
running collection cycle...
<---- End
495Start ---->
running collection cycle...
<---- End
Start ---->
running collection cycle...
<---- End
496Start ---->
running collection cycle...
<---- End
Start ---->
running collection cycle...
<---- End
497Start ---->
running collection cycle...
<---- End
Start ---->
running collection cycle...
<---- End
498Start ---->
running collection cycle...
<---- End
Start ---->
running collection cycle...
<---- End
499Start ---->
running collection cycle...
<---- End
Start ---->
running collection cycle...
<---- End
500Start ---->
running collection cycle...
<---- End
Start ---->
running collection cycle...
<---- End
Start ---->
running collection cycle...
<---- End

Start ---->
running collection cycle...
<---- End
Alloc = 0 MiB
Start ---->
running collection cycle...
<---- End
TotalAlloc = 6 MiB
Start ---->
running collection cycle...
<---- End
Sys = 0 MiB
Start ---->
running collection cycle...
<---- End
Start ---->
running collection cycle...
<---- End
Start ---->
running collection cycle...
<---- End
1
Start ---->
running collection cycle...
<---- End
