1 : 0
2 : 0
1 : 1
3 : 0
2 : 1
4 : 0
1 : 2
3 : 1
5 : 0
  set sleep: 0x00016090 50000000
2 : 2
4 : 1
6 : 0
1 : 3
3 : 2
5 : 1
2 : 3
4 : 2
6 : 1
1 : 4
3 : 3
5 : 2
2 : 4
4 : 3
6 : 2
1 : 5
3 : 4
5 : 3
2 : 5
4 : 4
6 : 3
1 : 6
3 : 5
5 : 4
2 : 6
4 : 5
6 : 4
1 : 7
3 : 6
5 : 5
2 : 7
4 : 6
6 : 5
1 : 8
3 : 7
5 : 6
2 : 8
4 : 7
6 : 6
1 : 9
3 : 8
5 : 7
2 : 9
4 : 8
6 : 7
1 : 10
3 : 9
5 : 8
2 : 10
4 : 9
6 : 8
1 : 11
3 : 10
5 : 9
2 : 11
4 : 10
6 : 9
1 : 12
3 : 11
5 : 10
2 : 12
4 : 11
6 : 10
1 : 13
3 : 12
5 : 11
2 : 13
4 : 12
6 : 11
1 : 14
3 : 13
5 : 12
2 : 14
4 : 13
6 : 12
1 : 15
3 : 14
5 : 13
2 : 15
4 : 14
6 : 13
1 : 16
3 : 15
5 : 14
2 : 16
4 : 15
6 : 14
1 : 17
3 : 16
5 : 15
2 : 17
4 : 16
6 : 15
1 : 18
3 : 17
5 : 16
2 : 18
4 : 17
6 : 16
1 : 19
3 : 18
5 : 17
2 : 19
4 : 18
6 : 17
1 : 20
3 : 19
5 : 18
2 : 20
4 : 19
6 : 18
1 : 21
3 : 20
5 : 19
2 : 21
4 : 20
6 : 19
1 : 22
3 : 21
5 : 20
2 : 22
4 : 21
6 : 20
1 : 23
3 : 22
5 : 21
2 : 23
4 : 22
6 : 21
1 : 24
3 : 23
5 : 22
2 : 24
4 : 23
6 : 22
1 : 25
3 : 24
5 : 23
2 : 25
4 : 24
6 : 23
1 : 26
3 : 25
5 : 24
2 : 26
4 : 25
6 : 24
1 : 27
3 : 26
5 : 25
2 : 27
4 : 26
6 : 25
1 : 28
3 : 27
5 : 26
2 : 28
4 : 27
6 : 26
1 : 29
3 : 28
5 : 27
2 : 29
4 : 28
6 : 27
1 : 30
3 : 29
5 : 28
2 : 30
4 : 29
6 : 28
1 : 31
3 : 30
5 : 29
2 : 31
4 : 30
6 : 29
1 : 32
3 : 31
5 : 30
2 : 32
4 : 31
6 : 30
1 : 33
3 : 32
5 : 31
2 : 33
4 : 32
6 : 31
1 : 34
3 : 33
5 : 32
2 : 34
4 : 33
6 : 32
1 : 35
3 : 34
5 : 33
2 : 35
4 : 34
6 : 33
1 : 36
3 : 35
5 : 34
2 : 36
4 : 35
6 : 34
1 : 37
3 : 36
5 : 35
2 : 37
4 : 36
6 : 35
1 : 38
3 : 37
5 : 36
2 : 38
4 : 37
6 : 36
1 : 39
3 : 38
5 : 37
2 : 39
4 : 38
6 : 37
1 : 40
3 : 39
5 : 38
2 : 40
4 : 39
6 : 38
1 : 41
3 : 40
5 : 39
2 : 41
4 : 40
6 : 39
1 : 42
3 : 41
5 : 40
2 : 42
4 : 41
6 : 40
1 : 43
3 : 42
5 : 41
2 : 43
4 : 42
6 : 41
1 : 44
3 : 43
5 : 42
2 : 44
4 : 43
6 : 42
1 : 45
3 : 44
5 : 43
2 : 45
4 : 44
6 : 43
1 : 46
3 : 45
5 : 44
2 : 46
4 : 45
6 : 44
1 : 47
3 : 46
5 : 45
2 : 47
4 : 46
6 : 45
1 : 48
3 : 47
5 : 46
2 : 48
4 : 47
6 : 46
1 : 49
3 : 48
5 : 47
2 : 49
4 : 48
6 : 47
1 : 50
3 : 49
5 : 48
2 : 50
4 : 49
6 : 48
1 : 51
3 : 50
5 : 49
2 : 51
4 : 50
6 : 49
1 : 52
3 : 51
5 : 50
2 : 52
4 : 51
6 : 50
1 : 53
3 : 52
5 : 51
2 : 53
4 : 52
6 : 51
1 : 54
3 : 53
5 : 52
2 : 54
4 : 53
6 : 52
1 : 55
3 : 54
5 : 53
2 : 55
4 : 54
6 : 53
1 : 56
3 : 55
5 : 54
2 : 56
4 : 55
6 : 54
1 : 57
3 : 56
5 : 55
2 : 57
4 : 56
6 : 55
1 : 58
3 : 57
5 : 56
2 : 58
4 : 57
6 : 56
1 : 59
3 : 58
5 : 57
2 : 59
4 : 58
6 : 57
1 : 60
3 : 59
5 : 58
2 : 60
4 : 59
6 : 58
1 : 61
3 : 60
5 : 59
2 : 61
4 : 60
6 : 59
1 : 62
3 : 61
5 : 60
2 : 62
4 : 61
6 : 60
1 : 63
3 : 62
5 : 61
2 : 63
4 : 62
6 : 61
1 : 64
3 : 63
5 : 62
2 : 64
4 : 63
6 : 62
1 : 65
3 : 64
5 : 63
2 : 65
4 : 64
6 : 63
1 : 66
3 : 65
5 : 64
2 : 66
4 : 65
6 : 64
1 : 67
3 : 66
5 : 65
2 : 67
4 : 66
6 : 65
1 : 68
3 : 67
5 : 66
2 : 68
4 : 67
6 : 66
1 : 69
3 : 68
5 : 67
2 : 69
4 : 68
6 : 67
1 : 70
3 : 69
5 : 68
2 : 70
4 : 69
6 : 68
1 : 71
3 : 70
5 : 69
2 : 71
4 : 70
6 : 69
1 : 72
3 : 71
5 : 70
2 : 72
4 : 71
6 : 70
1 : 73
3 : 72
5 : 71
2 : 73
4 : 72
6 : 71
1 : 74
3 : 73
5 : 72
2 : 74
4 : 73
6 : 72
1 : 75
3 : 74
5 : 73
2 : 75
4 : 74
6 : 73
1 : 76
3 : 75
5 : 74
2 : 76
4 : 75
6 : 74
1 : 77
3 : 76
5 : 75
2 : 77
4 : 76
6 : 75
1 : 78
3 : 77
5 : 76
2 : 78
4 : 77
6 : 76
1 : 79
3 : 78
5 : 77
2 : 79
4 : 78
6 : 77
1 : 80
3 : 79
5 : 78
2 : 80
4 : 79
6 : 78
1 : 81
3 : 80
5 : 79
2 : 81
4 : 80
6 : 79
1 : 82
3 : 81
5 : 80
2 : 82
4 : 81
6 : 80
1 : 83
3 : 82
5 : 81
2 : 83
4 : 82
6 : 81
1 : 84
3 : 83
5 : 82
2 : 84
4 : 83
6 : 82
1 : 85
3 : 84
5 : 83
2 : 85
4 : 84
6 : 83
1 : 86
3 : 85
5 : 84
2 : 86
4 : 85
6 : 84
1 : 87
3 : 86
5 : 85
2 : 87
4 : 86
6 : 85
1 : 88
3 : 87
5 : 86
2 : 88
4 : 87
6 : 86
1 : 89
3 : 88
5 : 87
2 : 89
4 : 88
6 : 87
1 : 90
3 : 89
5 : 88
2 : 90
4 : 89
6 : 88
1 : 91
3 : 90
5 : 89
2 : 91
4 : 90
6 : 89
1 : 92
3 : 91
5 : 90
2 : 92
4 : 91
6 : 90
1 : 93
3 : 92
5 : 91
2 : 93
4 : 92
6 : 91
1 : 94
3 : 93
5 : 92
2 : 94
4 : 93
6 : 92
1 : 95
3 : 94
5 : 93
2 : 95
4 : 94
6 : 93
1 : 96
3 : 95
5 : 94
2 : 96
4 : 95
6 : 94
1 : 97
3 : 96
5 : 95
2 : 97
4 : 96
6 : 95
1 : 98
3 : 97
5 : 96
2 : 98
4 : 97
6 : 96
1 : 99
3 : 98
5 : 97
2 : 99
4 : 98
6 : 97
1 : 100
3 : 99
5 : 98
2 : 100
4 : 99
6 : 98
1 : 101
3 : 100
5 : 99
2 : 101
4 : 100
6 : 99
1 : 102
3 : 101
5 : 100
2 : 102
4 : 101
6 : 100
1 : 103
3 : 102
5 : 101
2 : 103
4 : 102
6 : 101
1 : 104
3 : 103
5 : 102
2 : 104
4 : 103
6 : 102
1 : 105
3 : 104
5 : 103
2 : 105
4 : 104
6 : 103
1 : 106
3 : 105
5 : 104
2 : 106
4 : 105
6 : 104
1 : 107
3 : 106
5 : 105
2 : 107
4 : 106
6 : 105
1 : 108
3 : 107
5 : 106
2 : 108
4 : 107
6 : 106
1 : 109
3 : 108
5 : 107
2 : 109
4 : 108
6 : 107
1 : 110
3 : 109
5 : 108
2 : 110
4 : 109
6 : 108
1 : 111
3 : 110
5 : 109
2 : 111
4 : 110
6 : 109
1 : 112
3 : 111
5 : 110
2 : 112
4 : 111
6 : 110
1 : 113
3 : 112
5 : 111
2 : 113
4 : 112
6 : 111
1 : 114
3 : 113
5 : 112
2 : 114
4 : 113
6 : 112
1 : 115
3 : 114
5 : 113
2 : 115
4 : 114
6 : 113
1 : 116
3 : 115
5 : 114
2 : 116
4 : 115
6 : 114
1 : 117
3 : 116
5 : 115
2 : 117
4 : 116
6 : 115
1 : 118
3 : 117
5 : 116
2 : 118
4 : 117
6 : 116
1 : 119
3 : 118
5 : 117
2 : 119
4 : 118
6 : 117
1 : 120
3 : 119
5 : 118
2 : 120
4 : 119
6 : 118
1 : 121
3 : 120
5 : 119
2 : 121
4 : 120
6 : 119
1 : 122
3 : 121
5 : 120
2 : 122
4 : 121
6 : 120
1 : 123
3 : 122
5 : 121
2 : 123
4 : 122
6 : 121
1 : 124
3 : 123
5 : 122
2 : 124
4 : 123
6 : 122
1 : 125
3 : 124
5 : 123
2 : 125
4 : 124
6 : 123
1 : 126
3 : 125
5 : 124
2 : 126
4 : 125
6 : 124
1 : 127
3 : 126
5 : 125
2 : 127
4 : 126
6 : 125
1 : 128
3 : 127
5 : 126
2 : 128
4 : 127
6 : 126
1 : 129
3 : 128
5 : 127
2 : 129
4 : 128
6 : 127
1 : 130
3 : 129
5 : 128
2 : 130
4 : 129
6 : 128
1 : 131
3 : 130
5 : 129
2 : 131
4 : 130
6 : 129
1 : 132
3 : 131
5 : 130
2 : 132
4 : 131
6 : 130
1 : 133
3 : 132
5 : 131
2 : 133
4 : 132
6 : 131
1 : 134
3 : 133
5 : 132
2 : 134
4 : 133
6 : 132
1 : 135
3 : 134
5 : 133
2 : 135
4 : 134
6 : 133
1 : 136
3 : 135
5 : 134
2 : 136
4 : 135
6 : 134
1 : 137
3 : 136
5 : 135
2 : 137
4 : 136
6 : 135
1 : 138
3 : 137
5 : 136
2 : 138
4 : 137
6 : 136
1 : 139
3 : 138
5 : 137
2 : 139
4 : 138
6 : 137
1 : 140
3 : 139
5 : 138
2 : 140
4 : 139
6 : 138
1 : 141
3 : 140
5 : 139
2 : 141
4 : 140
6 : 139
1 : 142
3 : 141
5 : 140
2 : 142
4 : 141
6 : 140
1 : 143
3 : 142
5 : 141
2 : 143
4 : 142
6 : 141
1 : 144
3 : 143
5 : 142
2 : 144
4 : 143
6 : 142
1 : 145
3 : 144
5 : 143
2 : 145
4 : 144
6 : 143
1 : 146
3 : 145
5 : 144
2 : 146
4 : 145
6 : 144
1 : 147
3 : 146
5 : 145
2 : 147
4 : 146
6 : 145
1 : 148
3 : 147
5 : 146
2 : 148
4 : 147
6 : 146
1 : 149
3 : 148
5 : 147
2 : 149
4 : 148
6 : 147
1 : 150
3 : 149
5 : 148
2 : 150
4 : 149
6 : 148
1 : 151
3 : 150
5 : 149
2 : 151
4 : 150
6 : 149
1 : 152
3 : 151
5 : 150
2 : 152
4 : 151
6 : 150
1 : 153
3 : 152
5 : 151
2 : 153
4 : 152
6 : 151
1 : 154
3 : 153
5 : 152
2 : 154
4 : 153
6 : 152
1 : 155
3 : 154
5 : 153
2 : 155
4 : 154
6 : 153
1 : 156
3 : 155
5 : 154
2 : 156
4 : 155
6 : 154
1 : 157
3 : 156
5 : 155
2 : 157
4 : 156
6 : 155
1 : 158
3 : 157
5 : 156
2 : 158
4 : 157
6 : 156
1 : 159
3 : 158
5 : 157
2 : 159
4 : 158
6 : 157
1 : 160
3 : 159
5 : 158
2 : 160
4 : 159
6 : 158
1 : 161
3 : 160
5 : 159
2 : 161
4 : 160
6 : 159
1 : 162
3 : 161
5 : 160
2 : 162
4 : 161
6 : 160
1 : 163
3 : 162
5 : 161
2 : 163
4 : 162
6 : 161
1 : 164
3 : 163
5 : 162
2 : 164
4 : 163
6 : 162
1 : 165
3 : 164
5 : 163
2 : 165
4 : 164
6 : 163
1 : 166
3 : 165
5 : 164
2 : 166
4 : 165
6 : 164
1 : 167
3 : 166
5 : 165
2 : 167
4 : 166
6 : 165
1 : 168
3 : 167
5 : 166
2 : 168
4 : 167
6 : 166
1 : 169
3 : 168
5 : 167
2 : 169
4 : 168
6 : 167
1 : 170
3 : 169
5 : 168
2 : 170
4 : 169
6 : 168
1 : 171
3 : 170
5 : 169
2 : 171
4 : 170
6 : 169
1 : 172
3 : 171
5 : 170
2 : 172
4 : 171
6 : 170
1 : 173
3 : 172
5 : 171
2 : 173
4 : 172
6 : 171
1 : 174
3 : 173
5 : 172
2 : 174
4 : 173
6 : 172
1 : 175
3 : 174
5 : 173
2 : 175
4 : 174
6 : 173
1 : 176
3 : 175
5 : 174
2 : 176
4 : 175
6 : 174
1 : 177
3 : 176
5 : 175
2 : 177
4 : 176
6 : 175
1 : 178
3 : 177
5 : 176
2 : 178
4 : 177
6 : 176
1 : 179
3 : 178
5 : 177
2 : 179
4 : 178
6 : 177
1 : 180
3 : 179
5 : 178
2 : 180
4 : 179
6 : 178
1 : 181
3 : 180
5 : 179
2 : 181
4 : 180
6 : 179
1 : 182
3 : 181
5 : 180
2 : 182
4 : 181
6 : 180
1 : 183
3 : 182
5 : 181
2 : 183
4 : 182
6 : 181
1 : 184
3 : 183
5 : 182
2 : 184
4 : 183
6 : 182
1 : 185
3 : 184
5 : 183
2 : 185
4 : 184
6 : 183
1 : 186
3 : 185
5 : 184
2 : 186
4 : 185
6 : 184
1 : 187
3 : 186
5 : 185
2 : 187
4 : 186
6 : 185
1 : 188
3 : 187
5 : 186
2 : 188
4 : 187
6 : 186
1 : 189
3 : 188
5 : 187
2 : 189
4 : 188
6 : 187
1 : 190
3 : 189
5 : 188
2 : 190
4 : 189
6 : 188
1 : 191
3 : 190
5 : 189
2 : 191
4 : 190
6 : 189
1 : 192
3 : 191
5 : 190
2 : 192
4 : 191
6 : 190
1 : 193
3 : 192
5 : 191
2 : 193
4 : 192
6 : 191
1 : 194
3 : 193
5 : 192
2 : 194
4 : 193
6 : 192
1 : 195
3 : 194
5 : 193
2 : 195
4 : 194
6 : 193
1 : 196
3 : 195
5 : 194
2 : 196
4 : 195
6 : 194
1 : 197
3 : 196
5 : 195
2 : 197
4 : 196
6 : 195
1 : 198
3 : 197
5 : 196
2 : 198
4 : 197
6 : 196
1 : 199
3 : 198
5 : 197
2 : 199
4 : 198
6 : 197
1 : 200
3 : 199
5 : 198
2 : 200
4 : 199
6 : 198
1 : 201
3 : 200
5 : 199
2 : 201
4 : 200
6 : 199
1 : 202
3 : 201
5 : 200
2 : 202
4 : 201
6 : 200
1 : 203
3 : 202
5 : 201
2 : 203
4 : 202
6 : 201
1 : 204
3 : 203
5 : 202
2 : 204
4 : 203
6 : 202
1 : 205
3 : 204
5 : 203
2 : 205
4 : 204
6 : 203
1 : 206
3 : 205
5 : 204
2 : 206
4 : 205
6 : 204
1 : 207
3 : 206
5 : 205
2 : 207
4 : 206
6 : 205
1 : 208
3 : 207
5 : 206
2 : 208
4 : 207
6 : 206
1 : 209
3 : 208
5 : 207
2 : 209
4 : 208
6 : 207
1 : 210
3 : 209
5 : 208
2 : 210
4 : 209
6 : 208
1 : 211
3 : 210
5 : 209
2 : 211
4 : 210
6 : 209
1 : 212
3 : 211
5 : 210
2 : 212
4 : 211
6 : 210
1 : 213
3 : 212
5 : 211
2 : 213
4 : 212
6 : 211
1 : 214
3 : 213
5 : 212
2 : 214
4 : 213
6 : 212
1 : 215
3 : 214
5 : 213
2 : 215
4 : 214
6 : 213
1 : 216
3 : 215
5 : 214
2 : 216
4 : 215
6 : 214
1 : 217
3 : 216
5 : 215
2 : 217
4 : 216
6 : 215
1 : 218
3 : 217
5 : 216
2 : 218
4 : 217
6 : 216
1 : 219
3 : 218
5 : 217
2 : 219
4 : 218
6 : 217
1 : 220
3 : 219
5 : 218
2 : 220
4 : 219
6 : 218
1 : 221
3 : 220
5 : 219
2 : 221
4 : 220
6 : 219
1 : 222
3 : 221
5 : 220
2 : 222
4 : 221
6 : 220
1 : 223
3 : 222
5 : 221
2 : 223
4 : 222
6 : 221
1 : 224
3 : 223
5 : 222
2 : 224
4 : 223
6 : 222
1 : 225
3 : 224
5 : 223
2 : 225
4 : 224
6 : 223
1 : 226
3 : 225
5 : 224
2 : 226
4 : 225
6 : 224
1 : 227
3 : 226
5 : 225
2 : 227
4 : 226
6 : 225
1 : 228
3 : 227
5 : 226
2 : 228
4 : 227
6 : 226
1 : 229
3 : 228
5 : 227
2 : 229
4 : 228
6 : 227
1 : 230
3 : 229
5 : 228
2 : 230
4 : 229
6 : 228
1 : 231
3 : 230
5 : 229
2 : 231
4 : 230
6 : 229
1 : 232
3 : 231
5 : 230
2 : 232
4 : 231
6 : 230
1 : 233
3 : 232
5 : 231
2 : 233
4 : 232
6 : 231
1 : 234
3 : 233
5 : 232
2 : 234
4 : 233
6 : 232
1 : 235
3 : 234
5 : 233
2 : 235
4 : 234
6 : 233
1 : 236
3 : 235
5 : 234
2 : 236
4 : 235
6 : 234
1 : 237
3 : 236
5 : 235
2 : 237
4 : 236
6 : 235
1 : 238
3 : 237
5 : 236
2 : 238
4 : 237
6 : 236
1 : 239
3 : 238
5 : 237
2 : 239
4 : 238
6 : 237
1 : 240
3 : 239
5 : 238
2 : 240
4 : 239
6 : 238
1 : 241
3 : 240
5 : 239
2 : 241
4 : 240
6 : 239
1 : 242
3 : 241
5 : 240
2 : 242
4 : 241
6 : 240
1 : 243
3 : 242
5 : 241
2 : 243
4 : 242
6 : 241
1 : 244
3 : 243
5 : 242
2 : 244
4 : 243
6 : 242
1 : 245
3 : 244
5 : 243
2 : 245
4 : 244
6 : 243
1 : 246
3 : 245
5 : 244
2 : 246
4 : 245
6 : 244
1 : 247
3 : 246
5 : 245
2 : 247
4 : 246
6 : 245
1 : 248
3 : 247
5 : 246
2 : 248
4 : 247
6 : 246
1 : 249
3 : 248
5 : 247
2 : 249
4 : 248
6 : 247
1 : 250
3 : 249
5 : 248
2 : 250
4 : 249
6 : 248
1 : 251
3 : 250
5 : 249
2 : 251
4 : 250
6 : 249
1 : 252
3 : 251
5 : 250
2 : 252
4 : 251
6 : 250
1 : 253
3 : 252
5 : 251
2 : 253
4 : 252
6 : 251
1 : 254
3 : 253
5 : 252
2 : 254
4 : 253
6 : 252
1 : 255
3 : 254
5 : 253
2 : 255
4 : 254
6 : 253
1 : 256
3 : 255
5 : 254
2 : 256
4 : 255
6 : 254
1 : 257
3 : 256
5 : 255
2 : 257
4 : 256
6 : 255
1 : 258
3 : 257
5 : 256
2 : 258
4 : 257
6 : 256
1 : 259
3 : 258
5 : 257
2 : 259
4 : 258
6 : 257
1 : 260
3 : 259
5 : 258
2 : 260
4 : 259
6 : 258
1 : 261
3 : 260
5 : 259
2 : 261
4 : 260
6 : 259
1 : 262
3 : 261
5 : 260
2 : 262
4 : 261
6 : 260
1 : 263
3 : 262
5 : 261
2 : 263
4 : 262
6 : 261
1 : 264
3 : 263
5 : 262
2 : 264
4 : 263
6 : 262
1 : 265
3 : 264
5 : 263
2 : 265
4 : 264
6 : 263
1 : 266
3 : 265
5 : 264
2 : 266
4 : 265
6 : 264
1 : 267
3 : 266
5 : 265
2 : 267
4 : 266
6 : 265
1 : 268
3 : 267
5 : 266
2 : 268
4 : 267
6 : 266
1 : 269
3 : 268
5 : 267
2 : 269
4 : 268
6 : 267
1 : 270
3 : 269
5 : 268
2 : 270
4 : 269
6 : 268
1 : 271
3 : 270
5 : 269
2 : 271
4 : 270
6 : 269
1 : 272
3 : 271
5 : 270
2 : 272
4 : 271
6 : 270
1 : 273
3 : 272
5 : 271
2 : 273
4 : 272
6 : 271
1 : 274
3 : 273
5 : 272
2 : 274
4 : 273
6 : 272
1 : 275
3 : 274
5 : 273
2 : 275
4 : 274
6 : 273
1 : 276
3 : 275
5 : 274
2 : 276
4 : 275
6 : 274
1 : 277
3 : 276
5 : 275
2 : 277
4 : 276
6 : 275
1 : 278
3 : 277
5 : 276
2 : 278
4 : 277
6 : 276
1 : 279
3 : 278
5 : 277
2 : 279
4 : 278
6 : 277
1 : 280
3 : 279
5 : 278
2 : 280
4 : 279
6 : 278
1 : 281
3 : 280
5 : 279
2 : 281
4 : 280
6 : 279
1 : 282
3 : 281
5 : 280
2 : 282
4 : 281
6 : 280
1 : 283
3 : 282
5 : 281
2 : 283
4 : 282
6 : 281
1 : 284
3 : 283
5 : 282
2 : 284
4 : 283
6 : 282
1 : 285
3 : 284
5 : 283
2 : 285
4 : 284
6 : 283
1 : 286
3 : 285
5 : 284
2 : 286
4 : 285
6 : 284
1 : 287
3 : 286
5 : 285
2 : 287
4 : 286
6 : 285
1 : 288
3 : 287
5 : 286
2 : 288
4 : 287
6 : 286
1 : 289
3 : 288
5 : 287
2 : 289
4 : 288
6 : 287
1 : 290
3 : 289
5 : 288
2 : 290
4 : 289
6 : 288
1 : 291
3 : 290
5 : 289
2 : 291
4 : 290
6 : 289
1 : 292
3 : 291
5 : 290
2 : 292
4 : 291
6 : 290
1 : 293
3 : 292
5 : 291
2 : 293
4 : 292
6 : 291
1 : 294
3 : 293
5 : 292
2 : 294
4 : 293
6 : 292
1 : 295
3 : 294
5 : 293
2 : 295
4 : 294
6 : 293
1 : 296
3 : 295
5 : 294
2 : 296
4 : 295
6 : 294
1 : 297
3 : 296
5 : 295
2 : 297
4 : 296
6 : 295
1 : 298
3 : 297
5 : 296
2 : 298
4 : 297
6 : 296
1 : 299
3 : 298
5 : 297
2 : 299
4 : 298
6 : 297
1 : 300
3 : 299
5 : 298
2 : 300
4 : 299
6 : 298
1 : 301
3 : 300
5 : 299
2 : 301
4 : 300
6 : 299
1 : 302
3 : 301
5 : 300
2 : 302
4 : 301
6 : 300
1 : 303
3 : 302
5 : 301
2 : 303
4 : 302
6 : 301
1 : 304
3 : 303
5 : 302
2 : 304
4 : 303
6 : 302
1 : 305
3 : 304
5 : 303
2 : 305
4 : 304
6 : 303
1 : 306
3 : 305
5 : 304
2 : 306
4 : 305
6 : 304
1 : 307
3 : 306
5 : 305
2 : 307
4 : 306
6 : 305
1 : 308
3 : 307
5 : 306
2 : 308
4 : 307
6 : 306
1 : 309
3 : 308
5 : 307
2 : 309
4 : 308
6 : 307
1 : 310
3 : 309
5 : 308
2 : 310
4 : 309
6 : 308
1 : 311
3 : 310
5 : 309
2 : 311
4 : 310
6 : 309
1 : 312
3 : 311
5 : 310
2 : 312
4 : 311
6 : 310
1 : 313
3 : 312
5 : 311
2 : 313
4 : 312
6 : 311
1 : 314
3 : 313
5 : 312
2 : 314
4 : 313
6 : 312
1 : 315
3 : 314
5 : 313
2 : 315
4 : 314
6 : 313
1 : 316
3 : 315
5 : 314
2 : 316
4 : 315
6 : 314
1 : 317
3 : 316
5 : 315
2 : 317
4 : 316
6 : 315
1 : 318
3 : 317
5 : 316
2 : 318
4 : 317
6 : 316
1 : 319
3 : 318
5 : 317
2 : 319
4 : 318
6 : 317
1 : 320
3 : 319
5 : 318
2 : 320
4 : 319
6 : 318
1 : 321
3 : 320
5 : 319
2 : 321
4 : 320
6 : 319
1 : 322
3 : 321
5 : 320
2 : 322
4 : 321
6 : 320
1 : 323
3 : 322
5 : 321
2 : 323
4 : 322
6 : 321
1 : 324
3 : 323
5 : 322
2 : 324
4 : 323
6 : 322
1 : 325
3 : 324
5 : 323
2 : 325
4 : 324
6 : 323
1 : 326
3 : 325
5 : 324
2 : 326
4 : 325
6 : 324
1 : 327
3 : 326
5 : 325
2 : 327
4 : 326
6 : 325
1 : 328
3 : 327
5 : 326
2 : 328
4 : 327
6 : 326
1 : 329
3 : 328
5 : 327
2 : 329
4 : 328
6 : 327
1 : 330
3 : 329
5 : 328
2 : 330
4 : 329
6 : 328
1 : 331
3 : 330
5 : 329
2 : 331
4 : 330
6 : 329
1 : 332
3 : 331
5 : 330
2 : 332
4 : 331
6 : 330
1 : 333
3 : 332
5 : 331
2 : 333
4 : 332
6 : 331
1 : 334
3 : 333
5 : 332
2 : 334
4 : 333
6 : 332
1 : 335
3 : 334
5 : 333
2 : 335
4 : 334
6 : 333
1 : 336
3 : 335
5 : 334
2 : 336
4 : 335
6 : 334
1 : 337
3 : 336
5 : 335
2 : 337
4 : 336
6 : 335
1 : 338
3 : 337
5 : 336
2 : 338
4 : 337
6 : 336
1 : 339
3 : 338
5 : 337
2 : 339
4 : 338
6 : 337
1 : 340
3 : 339
5 : 338
2 : 340
4 : 339
6 : 338
1 : 341
3 : 340
5 : 339
2 : 341
4 : 340
6 : 339
1 : 342
3 : 341
5 : 340
2 : 342
4 : 341
6 : 340
1 : 343
3 : 342
5 : 341
2 : 343
4 : 342
6 : 341
1 : 344
3 : 343
5 : 342
2 : 344
4 : 343
6 : 342
1 : 345
3 : 344
5 : 343
2 : 345
4 : 344
6 : 343
1 : 346
3 : 345
5 : 344
2 : 346
4 : 345
6 : 344
1 : 347
3 : 346
5 : 345
2 : 347
4 : 346
6 : 345
1 : 348
3 : 347
5 : 346
2 : 348
4 : 347
6 : 346
1 : 349
3 : 348
5 : 347
2 : 349
4 : 348
6 : 347
1 : 350
3 : 349
5 : 348
2 : 350
4 : 349
6 : 348
1 : 351
3 : 350
5 : 349
2 : 351
4 : 350
6 : 349
1 : 352
3 : 351
5 : 350
2 : 352
4 : 351
6 : 350
1 : 353
3 : 352
5 : 351
2 : 353
4 : 352
6 : 351
1 : 354
3 : 353
5 : 352
2 : 354
4 : 353
6 : 352
1 : 355
3 : 354
5 : 353
2 : 355
4 : 354
6 : 353
1 : 356
3 : 355
5 : 354
2 : 356
4 : 355
6 : 354
1 : 357
3 : 356
5 : 355
2 : 357
4 : 356
6 : 355
1 : 358
3 : 357
5 : 356
2 : 358
4 : 357
6 : 356
1 : 359
3 : 358
5 : 357
2 : 359
4 : 358
6 : 357
1 : 360
3 : 359
5 : 358
2 : 360
4 : 359
6 : 358
1 : 361
3 : 360
5 : 359
2 : 361
4 : 360
6 : 359
1 : 362
3 : 361
5 : 360
2 : 362
4 : 361
6 : 360
1 : 363
3 : 362
5 : 361
2 : 363
4 : 362
6 : 361
1 : 364
3 : 363
5 : 362
2 : 364
4 : 363
6 : 362
1 : 365
3 : 364
5 : 363
2 : 365
4 : 364
6 : 363
1 : 366
3 : 365
5 : 364
2 : 366
4 : 365
6 : 364
1 : 367
3 : 366
5 : 365
2 : 367
4 : 366
6 : 365
1 : 368
3 : 367
5 : 366
2 : 368
4 : 367
6 : 366
1 : 369
3 : 368
5 : 367
2 : 369
4 : 368
6 : 367
1 : 370
3 : 369
5 : 368
2 : 370
4 : 369
6 : 368
1 : 371
3 : 370
5 : 369
2 : 371
4 : 370
6 : 369
1 : 372
3 : 371
5 : 370
2 : 372
4 : 371
6 : 370
1 : 373
3 : 372
5 : 371
2 : 373
4 : 372
6 : 371
1 : 374
3 : 373
5 : 372
2 : 374
4 : 373
6 : 372
1 : 375
3 : 374
5 : 373
2 : 375
4 : 374
6 : 373
1 : 376
3 : 375
5 : 374
2 : 376
4 : 375
6 : 374
1 : 377
3 : 376
5 : 375
2 : 377
4 : 376
6 : 375
1 : 378
3 : 377
5 : 376
2 : 378
4 : 377
6 : 376
1 : 379
3 : 378
5 : 377
2 : 379
4 : 378
6 : 377
1 : 380
3 : 379
5 : 378
2 : 380
4 : 379
6 : 378
1 : 381
3 : 380
5 : 379
2 : 381
4 : 380
6 : 379
1 : 382
3 : 381
5 : 380
2 : 382
4 : 381
6 : 380
1 : 383
3 : 382
5 : 381
2 : 383
4 : 382
6 : 381
1 : 384
3 : 383
5 : 382
2 : 384
4 : 383
6 : 382
1 : 385
3 : 384
5 : 383
2 : 385
4 : 384
6 : 383
1 : 386
3 : 385
5 : 384
2 : 386
4 : 385
6 : 384
1 : 387
3 : 386
5 : 385
2 : 387
4 : 386
6 : 385
1 : 388
3 : 387
5 : 386
2 : 388
4 : 387
6 : 386
1 : 389
3 : 388
5 : 387
2 : 389
4 : 388
6 : 387
1 : 390
3 : 389
5 : 388
2 : 390
4 : 389
6 : 388
1 : 391
3 : 390
5 : 389
2 : 391
4 : 390
6 : 389
1 : 392
3 : 391
5 : 390
2 : 392
4 : 391
6 : 390
1 : 393
3 : 392
5 : 391
2 : 393
4 : 392
6 : 391
1 : 394
3 : 393
5 : 392
2 : 394
4 : 393
6 : 392
1 : 395
3 : 394
5 : 393
2 : 395
4 : 394
6 : 393
1 : 396
3 : 395
5 : 394
2 : 396
4 : 395
6 : 394
1 : 397
3 : 396
5 : 395
2 : 397
4 : 396
6 : 395
1 : 398
3 : 397
5 : 396
2 : 398
4 : 397
6 : 396
1 : 399
3 : 398
5 : 397
2 : 399
4 : 398
6 : 397
1 : 400
3 : 399
5 : 398
2 : 400
4 : 399
6 : 398
1 : 401
3 : 400
5 : 399
2 : 401
4 : 400
6 : 399
1 : 402
3 : 401
5 : 400
2 : 402
4 : 401
6 : 400
1 : 403
3 : 402
5 : 401
2 : 403
4 : 402
6 : 401
1 : 404
3 : 403
5 : 402
2 : 404
4 : 403
6 : 402
1 : 405
3 : 404
5 : 403
2 : 405
4 : 404
6 : 403
1 : 406
3 : 405
5 : 404
2 : 406
4 : 405
6 : 404
1 : 407
3 : 406
5 : 405
2 : 407
4 : 406
6 : 405
1 : 408
3 : 407
5 : 406
2 : 408
4 : 407
6 : 406
1 : 409
3 : 408
5 : 407
2 : 409
4 : 408
6 : 407
1 : 410
3 : 409
5 : 408
2 : 410
4 : 409
6 : 408
1 : 411
3 : 410
5 : 409
2 : 411
4 : 410
6 : 409
1 : 412
3 : 411
5 : 410
2 : 412
4 : 411
6 : 410
1 : 413
3 : 412
5 : 411
2 : 413
4 : 412
6 : 411
1 : 414
3 : 413
5 : 412
2 : 414
4 : 413
6 : 412
1 : 415
3 : 414
5 : 413
2 : 415
4 : 414
6 : 413
1 : 416
3 : 415
5 : 414
2 : 416
4 : 415
6 : 414
1 : 417
3 : 416
5 : 415
2 : 417
4 : 416
6 : 415
1 : 418
3 : 417
5 : 416
2 : 418
4 : 417
6 : 416
1 : 419
3 : 418
5 : 417
2 : 419
4 : 418
6 : 417
1 : 420
3 : 419
5 : 418
2 : 420
4 : 419
6 : 418
1 : 421
3 : 420
5 : 419
2 : 421
4 : 420
6 : 419
1 : 422
3 : 421
5 : 420
2 : 422
4 : 421
6 : 420
1 : 423
3 : 422
5 : 421
2 : 423
4 : 422
6 : 421
1 : 424
3 : 423
5 : 422
2 : 424
4 : 423
6 : 422
1 : 425
3 : 424
5 : 423
2 : 425
4 : 424
6 : 423
1 : 426
3 : 425
5 : 424
2 : 426
4 : 425
6 : 424
1 : 427
3 : 426
5 : 425
2 : 427
4 : 426
6 : 425
1 : 428
3 : 427
5 : 426
2 : 428
4 : 427
6 : 426
1 : 429
3 : 428
5 : 427
2 : 429
4 : 428
6 : 427
1 : 430
3 : 429
5 : 428
2 : 430
4 : 429
6 : 428
1 : 431
3 : 430
5 : 429
2 : 431
4 : 430
6 : 429
1 : 432
3 : 431
5 : 430
2 : 432
4 : 431
6 : 430
1 : 433
3 : 432
5 : 431
2 : 433
4 : 432
6 : 431
1 : 434
3 : 433
5 : 432
2 : 434
4 : 433
6 : 432
1 : 435
3 : 434
5 : 433
2 : 435
4 : 434
6 : 433
1 : 436
3 : 435
5 : 434
2 : 436
4 : 435
6 : 434
1 : 437
3 : 436
5 : 435
2 : 437
4 : 436
6 : 435
1 : 438
3 : 437
5 : 436
2 : 438
4 : 437
6 : 436
1 : 439
3 : 438
5 : 437
2 : 439
4 : 438
6 : 437
1 : 440
3 : 439
5 : 438
2 : 440
4 : 439
6 : 438
1 : 441
3 : 440
5 : 439
2 : 441
4 : 440
6 : 439
1 : 442
3 : 441
5 : 440
2 : 442
4 : 441
6 : 440
1 : 443
3 : 442
5 : 441
2 : 443
4 : 442
6 : 441
1 : 444
3 : 443
5 : 442
2 : 444
4 : 443
6 : 442
1 : 445
3 : 444
5 : 443
2 : 445
4 : 444
6 : 443
1 : 446
3 : 445
5 : 444
2 : 446
4 : 445
6 : 444
1 : 447
3 : 446
5 : 445
2 : 447
4 : 446
6 : 445
1 : 448
3 : 447
5 : 446
2 : 448
4 : 447
6 : 446
1 : 449
3 : 448
5 : 447
2 : 449
4 : 448
6 : 447
1 : 450
3 : 449
5 : 448
2 : 450
4 : 449
6 : 448
1 : 451
3 : 450
5 : 449
2 : 451
4 : 450
6 : 449
1 : 452
3 : 451
5 : 450
2 : 452
4 : 451
6 : 450
1 : 453
3 : 452
5 : 451
2 : 453
4 : 452
6 : 451
1 : 454
3 : 453
5 : 452
2 : 454
4 : 453
6 : 452
1 : 455
3 : 454
5 : 453
2 : 455
4 : 454
6 : 453
1 : 456
3 : 455
5 : 454
2 : 456
4 : 455
6 : 454
1 : 457
3 : 456
5 : 455
2 : 457
4 : 456
6 : 455
1 : 458
3 : 457
5 : 456
2 : 458
4 : 457
6 : 456
1 : 459
3 : 458
5 : 457
2 : 459
4 : 458
6 : 457
1 : 460
3 : 459
5 : 458
2 : 460
4 : 459
6 : 458
1 : 461
3 : 460
5 : 459
2 : 461
4 : 460
6 : 459
1 : 462
3 : 461
5 : 460
2 : 462
4 : 461
6 : 460
1 : 463
3 : 462
5 : 461
2 : 463
4 : 462
6 : 461
1 : 464
3 : 463
5 : 462
2 : 464
4 : 463
6 : 462
1 : 465
3 : 464
5 : 463
2 : 465
4 : 464
6 : 463
1 : 466
3 : 465
5 : 464
2 : 466
4 : 465
6 : 464
1 : 467
3 : 466
5 : 465
2 : 467
4 : 466
6 : 465
1 : 468
3 : 467
5 : 466
2 : 468
4 : 467
6 : 466
1 : 469
3 : 468
5 : 467
2 : 469
4 : 468
6 : 467
1 : 470
3 : 469
5 : 468
2 : 470
4 : 469
6 : 468
1 : 471
3 : 470
5 : 469
2 : 471
4 : 470
6 : 469
1 : 472
3 : 471
5 : 470
2 : 472
4 : 471
6 : 470
1 : 473
3 : 472
5 : 471
2 : 473
4 : 472
6 : 471
1 : 474
3 : 473
5 : 472
2 : 474
4 : 473
6 : 472
1 : 475
3 : 474
5 : 473
2 : 475
4 : 474
6 : 473
1 : 476
3 : 475
5 : 474
2 : 476
4 : 475
6 : 474
1 : 477
3 : 476
5 : 475
2 : 477
4 : 476
6 : 475
1 : 478
3 : 477
5 : 476
2 : 478
4 : 477
6 : 476
1 : 479
3 : 478
5 : 477
2 : 479
4 : 478
6 : 477
1 : 480
3 : 479
5 : 478
2 : 480
4 : 479
6 : 478
1 : 481
3 : 480
5 : 479
2 : 481
4 : 480
6 : 479
1 : 482
3 : 481
5 : 480
2 : 482
4 : 481
6 : 480
1 : 483
3 : 482
5 : 481
2 : 483
4 : 482
6 : 481
1 : 484
3 : 483
5 : 482
2 : 484
4 : 483
6 : 482
1 : 485
3 : 484
5 : 483
2 : 485
4 : 484
6 : 483
1 : 486
3 : 485
5 : 484
2 : 486
4 : 485
6 : 484
1 : 487
3 : 486
5 : 485
2 : 487
4 : 486
6 : 485
1 : 488
3 : 487
5 : 486
2 : 488
4 : 487
6 : 486
1 : 489
3 : 488
5 : 487
2 : 489
4 : 488
6 : 487
1 : 490
3 : 489
5 : 488
2 : 490
4 : 489
6 : 488
1 : 491
3 : 490
5 : 489
2 : 491
4 : 490
6 : 489
1 : 492
3 : 491
5 : 490
2 : 492
4 : 491
6 : 490
1 : 493
3 : 492
5 : 491
2 : 493
4 : 492
6 : 491
1 : 494
3 : 493
5 : 492
2 : 494
4 : 493
6 : 492
1 : 495
3 : 494
5 : 493
2 : 495
4 : 494
6 : 493
1 : 496
3 : 495
5 : 494
2 : 496
4 : 495
6 : 494
1 : 497
3 : 496
5 : 495
2 : 497
4 : 496
6 : 495
1 : 498
3 : 497
5 : 496
2 : 498
4 : 497
6 : 496
1 : 499
3 : 498
5 : 497
2 : 499
4 : 498
6 : 497
1 : 500
3 : 499
5 : 498
2 : 500
4 : 499
6 : 498
1 : 501
3 : 500
5 : 499
2 : 501
4 : 500
6 : 499
1 : 502
3 : 501
5 : 500
2 : 502
4 : 501
6 : 500
1 : 503
3 : 502
5 : 501
2 : 503
4 : 502
6 : 501
1 : 504
3 : 503
5 : 502
2 : 504
4 : 503
6 : 502
1 : 505
3 : 504
5 : 503
2 : 505
4 : 504
6 : 503
1 : 506
3 : 505
5 : 504
2 : 506
4 : 505
6 : 504
1 : 507
3 : 506
5 : 505
2 : 507
4 : 506
6 : 505
1 : 508
3 : 507
5 : 506
2 : 508
4 : 507
6 : 506
1 : 509
3 : 508
5 : 507
2 : 509
4 : 508
6 : 507
1 : 510
3 : 509
5 : 508
2 : 510
4 : 509
6 : 508
1 : 511
3 : 510
5 : 509
2 : 511
4 : 510
6 : 509
1 : 512
3 : 511
5 : 510
2 : 512
4 : 511
6 : 510
1 : 513
3 : 512
5 : 511
2 : 513
4 : 512
6 : 511
1 : 514
3 : 513
5 : 512
2 : 514
4 : 513
6 : 512
1 : 515
3 : 514
5 : 513
2 : 515
4 : 514
6 : 513
1 : 516
3 : 515
5 : 514
2 : 516
4 : 515
6 : 514
1 : 517
3 : 516
5 : 515
2 : 517
4 : 516
6 : 515
1 : 518
3 : 517
5 : 516
2 : 518
4 : 517
6 : 516
1 : 519
3 : 518
5 : 517
2 : 519
4 : 518
6 : 517
1 : 520
3 : 519
5 : 518
2 : 520
4 : 519
6 : 518
1 : 521
3 : 520
5 : 519
2 : 521
4 : 520
6 : 519
1 : 522
3 : 521
5 : 520
2 : 522
4 : 521
6 : 520
1 : 523
3 : 522
5 : 521
2 : 523
4 : 522
6 : 521
1 : 524
3 : 523
5 : 522
2 : 524
4 : 523
6 : 522
1 : 525
3 : 524
5 : 523
2 : 525
4 : 524
6 : 523
1 : 526
3 : 525
5 : 524
2 : 526
4 : 525
6 : 524
1 : 527
3 : 526
5 : 525
2 : 527
4 : 526
6 : 525
1 : 528
3 : 527
5 : 526
2 : 528
4 : 527
6 : 526
1 : 529
3 : 528
5 : 527
2 : 529
4 : 528
6 : 527
1 : 530
3 : 529
5 : 528
2 : 530
4 : 529
6 : 528
1 : 531
3 : 530
5 : 529
2 : 531
4 : 530
6 : 529
1 : 532
3 : 531
5 : 530
2 : 532
4 : 531
6 : 530
1 : 533
3 : 532
5 : 531
2 : 533
4 : 532
6 : 531
1 : 534
3 : 533
5 : 532
2 : 534
4 : 533
6 : 532
1 : 535
3 : 534
5 : 533
2 : 535
4 : 534
6 : 533
1 : 536
3 : 535
5 : 534
2 : 536
4 : 535
6 : 534
1 : 537
3 : 536
5 : 535
2 : 537
4 : 536
6 : 535
1 : 538
3 : 537
5 : 536
2 : 538
4 : 537
6 : 536
1 : 539
3 : 538
5 : 537
2 : 539
4 : 538
6 : 537
1 : 540
3 : 539
5 : 538
2 : 540
4 : 539
6 : 538
1 : 541
3 : 540
5 : 539
2 : 541
4 : 540
6 : 539
1 : 542
3 : 541
5 : 540
2 : 542
4 : 541
6 : 540
1 : 543
3 : 542
5 : 541
2 : 543
4 : 542
6 : 541
1 : 544
3 : 543
5 : 542
2 : 544
4 : 543
6 : 542
1 : 545
3 : 544
5 : 543
2 : 545
4 : 544
6 : 543
1 : 546
3 : 545
5 : 544
2 : 546
4 : 545
6 : 544
1 : 547
3 : 546
5 : 545
2 : 547
4 : 546
6 : 545
1 : 548
3 : 547
5 : 546
2 : 548
4 : 547
6 : 546
1 : 549
3 : 548
5 : 547
2 : 549
4 : 548
6 : 547
1 : 550
3 : 549
5 : 548
2 : 550
4 : 549
6 : 548
1 : 551
3 : 550
5 : 549
2 : 551
4 : 550
6 : 549
1 : 552
3 : 551
5 : 550
2 : 552
4 : 551
6 : 550
1 : 553
3 : 552
5 : 551
2 : 553
4 : 552
6 : 551
1 : 554
3 : 553
5 : 552
2 : 554
4 : 553
6 : 552
1 : 555
3 : 554
5 : 553
2 : 555
4 : 554
6 : 553
1 : 556
3 : 555
5 : 554
2 : 556
4 : 555
6 : 554
1 : 557
3 : 556
5 : 555
2 : 557
4 : 556
6 : 555
1 : 558
3 : 557
5 : 556
2 : 558
4 : 557
6 : 556
1 : 559
3 : 558
5 : 557
2 : 559
4 : 558
6 : 557
1 : 560
3 : 559
5 : 558
2 : 560
4 : 559
6 : 558
1 : 561
3 : 560
5 : 559
2 : 561
4 : 560
6 : 559
1 : 562
3 : 561
5 : 560
2 : 562
4 : 561
6 : 560
1 : 563
3 : 562
5 : 561
2 : 563
4 : 562
6 : 561
1 : 564
3 : 563
5 : 562
2 : 564
4 : 563
6 : 562
1 : 565
3 : 564
5 : 563
2 : 565
4 : 564
6 : 563
1 : 566
3 : 565
5 : 564
2 : 566
4 : 565
6 : 564
1 : 567
3 : 566
5 : 565
2 : 567
4 : 566
6 : 565
1 : 568
3 : 567
5 : 566
2 : 568
4 : 567
6 : 566
1 : 569
3 : 568
5 : 567
2 : 569
4 : 568
6 : 567
1 : 570
3 : 569
5 : 568
2 : 570
4 : 569
6 : 568
1 : 571
3 : 570
5 : 569
2 : 571
4 : 570
6 : 569
1 : 572
3 : 571
5 : 570
2 : 572
4 : 571
6 : 570
1 : 573
3 : 572
5 : 571
2 : 573
4 : 572
6 : 571
1 : 574
3 : 573
5 : 572
2 : 574
4 : 573
6 : 572
1 : 575
3 : 574
5 : 573
2 : 575
4 : 574
6 : 573
